// Jest Snapshot v1, https://goo.gl/fbAQLP

exports[`<GridContent /> Test A - should render grid content 1`] = `
.c1 {
  max-width: 120rem;
  margin: 0 auto;
  padding: 3.2rem;
  width: 100%;
}

.c0 {
  background: #ffffff;
  color: #0A1128;
  min-height: 100vh;
  display: -webkit-box;
  display: -webkit-flex;
  display: -ms-flexbox;
  display: flex;
  -webkit-align-items: center;
  -webkit-box-align: center;
  -ms-flex-align: center;
  align-items: center;
}

.c3 {
  color: #0A1128;
  font-size: 6.4rem;
  text-transform: uppercase;
}

.c5 {
  font-size: 2.4rem;
}

.c2 {
  text-align: center;
  max-width: 58rem;
  margin: 0 auto;
}

.c4 {
  margin: 6.4rem 0;
}

@media (max-width:768px) {
  .c3 {
    font-size: 4.0rem;
  }
}

<div>
  <div
    class="c0"
    id=""
  >
    <div
      class="c1"
    >
      <div
        class="c2"
      >
        <h2
          class="c3"
        >
          O titulo
        </h2>
        <div
          class="c4"
        >
          <div
            class="c5"
          >
            <p>
              
  Himenaeos et est laoreet ante hac duis libero netus aliquet pellentesque. Habitant augue purus hendrerit sagittis. Parturient montes dis gravida nibh parturient luctus malesuada curae;. Ut lacus habitasse erat tempus enim maecenas cras justo justo cubilia donec quam. Montes dui metus inceptos netus lectus himenaeos faucibus dui facilisi inceptos? Aliquam, inceptos cubilia ac nibh. Varius id adipiscing nascetur netus suscipit enim rutrum felis aliquam scelerisque. Sit, consequat mattis nibh et. Malesuada fermentum justo, vehicula quis egestas. Neque aptent tortor risus non. Sed enim inceptos fermentum penatibus conubia laoreet congue. Vulputate erat nullam venenatis vehicula torquent per quam himenaeos lacinia justo maecenas molestie. Tempus elit nascetur nisl suscipit facilisis turpis. Hac urna nascetur accumsan pulvinar sed iaculis sociis pulvinar euismod blandit magnis accumsan? Senectus ante felis eget pellentesque torquent sociosqu metus quisque, libero magna faucibus diam. Suspendisse congue viverra velit, faucibus.
  
            </p>
            
  
            <p>
              
  Morbi orci vehicula 
              <a
                href="seila"
              >
                vitae duis quisque gravida
              </a>
               varius. Ornare parturient felis mus et porttitor bibendum ullamcorper felis facilisis etiam. Dictum cursus, egestas porttitor elementum? Sociis massa lacus purus habitasse justo class libero cras primis. Taciti sapien non suscipit himenaeos ligula varius malesuada sem sem. Ad dictum habitant rutrum ac convallis blandit, himenaeos interdum nascetur non. Diam quam lacinia arcu natoque porttitor ornare. Nisl erat diam mattis lacinia donec proin et quisque. Netus luctus erat morbi egestas rhoncus dignissim ultricies sollicitudin vehicula. Eget sociosqu nec neque torquent laoreet. Montes pulvinar pharetra tempor enim dolor parturient inceptos interdum aliquet. Mauris, ornare sodales vestibulum. Elementum sed penatibus rhoncus curabitur. Tellus risus egestas himenaeos diam cubilia.
  
            </p>
          </div>
        </div>
      </div>
    </div>
  </div>
</div>
`;

exports[`<GridContent /> Test B - should render grid content withou background 1`] = `
.c1 {
  max-width: 120rem;
  margin: 0 auto;
  padding: 3.2rem;
  width: 100%;
}

.c0 {
  background: #ffffff;
  color: #0A1128;
  min-height: 100vh;
  display: -webkit-box;
  display: -webkit-flex;
  display: -ms-flexbox;
  display: flex;
  -webkit-align-items: center;
  -webkit-box-align: center;
  -ms-flex-align: center;
  align-items: center;
}

.c3 {
  color: #0A1128;
  font-size: 6.4rem;
  text-transform: uppercase;
}

.c5 {
  font-size: 2.4rem;
}

.c2 {
  text-align: center;
  max-width: 58rem;
  margin: 0 auto;
}

.c4 {
  margin: 6.4rem 0;
}

@media (max-width:768px) {
  .c3 {
    font-size: 4.0rem;
  }
}

<div>
  <div
    class="c0"
    id=""
  >
    <div
      class="c1"
    >
      <div
        class="c2"
      >
        <h2
          class="c3"
        >
          O titulo
        </h2>
        <div
          class="c4"
        >
          <div
            class="c5"
          >
            <p>
              
  Himenaeos et est laoreet ante hac duis libero netus aliquet pellentesque. Habitant augue purus hendrerit sagittis. Parturient montes dis gravida nibh parturient luctus malesuada curae;. Ut lacus habitasse erat tempus enim maecenas cras justo justo cubilia donec quam. Montes dui metus inceptos netus lectus himenaeos faucibus dui facilisi inceptos? Aliquam, inceptos cubilia ac nibh. Varius id adipiscing nascetur netus suscipit enim rutrum felis aliquam scelerisque. Sit, consequat mattis nibh et. Malesuada fermentum justo, vehicula quis egestas. Neque aptent tortor risus non. Sed enim inceptos fermentum penatibus conubia laoreet congue. Vulputate erat nullam venenatis vehicula torquent per quam himenaeos lacinia justo maecenas molestie. Tempus elit nascetur nisl suscipit facilisis turpis. Hac urna nascetur accumsan pulvinar sed iaculis sociis pulvinar euismod blandit magnis accumsan? Senectus ante felis eget pellentesque torquent sociosqu metus quisque, libero magna faucibus diam. Suspendisse congue viverra velit, faucibus.
  
            </p>
            
  
            <p>
              
  Morbi orci vehicula 
              <a
                href="seila"
              >
                vitae duis quisque gravida
              </a>
               varius. Ornare parturient felis mus et porttitor bibendum ullamcorper felis facilisis etiam. Dictum cursus, egestas porttitor elementum? Sociis massa lacus purus habitasse justo class libero cras primis. Taciti sapien non suscipit himenaeos ligula varius malesuada sem sem. Ad dictum habitant rutrum ac convallis blandit, himenaeos interdum nascetur non. Diam quam lacinia arcu natoque porttitor ornare. Nisl erat diam mattis lacinia donec proin et quisque. Netus luctus erat morbi egestas rhoncus dignissim ultricies sollicitudin vehicula. Eget sociosqu nec neque torquent laoreet. Montes pulvinar pharetra tempor enim dolor parturient inceptos interdum aliquet. Mauris, ornare sodales vestibulum. Elementum sed penatibus rhoncus curabitur. Tellus risus egestas himenaeos diam cubilia.
  
            </p>
          </div>
        </div>
      </div>
    </div>
  </div>
</div>
`;
